// Vitest Snapshot v1, https://vitest.dev/guide/snapshot.html

exports[`toMatchSnapshot matcher 1`] = `"Hello, world!"`;
